Flutter crash report.
Please report a bug at https://github.com/flutter/flutter/issues.

## command

flutter run

## exception

RPCError: getVM: (-32000) Service connection disposed

```
#0      VmService._call (package:vm_service/src/vm_service.dart:1769:7)
#1      VmService.getVM (package:vm_service/src/vm_service.dart:1245:25)
#2      FlutterDevice.initLogReader (package:flutter_tools/src/resident_runner.dart:428:55)
#3      HotRunner.attach (package:flutter_tools/src/run_hot.dart:266:21)
<asynchronous suspension>
#4      RunCommand.runCommand (package:flutter_tools/src/commands/run.dart:867:27)
<asynchronous suspension>
#5      FlutterCommand.run.<anonymous closure> (package:flutter_tools/src/runner/flutter_command.dart:1408:27)
<asynchronous suspension>
#6      AppContext.run.<anonymous closure> (package:flutter_tools/src/base/context.dart:153:19)
<asynchronous suspension>
#7      CommandRunner.runCommand (package:args/command_runner.dart:212:13)
<asynchronous suspension>
#8      FlutterCommandRunner.runCommand.<anonymous closure> (package:flutter_tools/src/runner/flutter_command_runner.dart:420:9)
<asynchronous suspension>
#9      AppContext.run.<anonymous closure> (package:flutter_tools/src/base/context.dart:153:19)
<asynchronous suspension>
#10     FlutterCommandRunner.runCommand (package:flutter_tools/src/runner/flutter_command_runner.dart:364:5)
<asynchronous suspension>
#11     run.<anonymous closure>.<anonymous closure> (package:flutter_tools/runner.dart:130:9)
<asynchronous suspension>
#12     AppContext.run.<anonymous closure> (package:flutter_tools/src/base/context.dart:153:19)
<asynchronous suspension>
#13     main (package:flutter_tools/executable.dart:93:3)
<asynchronous suspension>
```

## flutter doctor

```
[✓] Flutter (Channel stable, 3.24.5, on macOS 14.5 23F79 darwin-arm64 (Rosetta), locale en-US)
    • Flutter version 3.24.5 on channel stable at /Users/jotiradityahazra/Downloads/flutter
    • Upstream repository https://github.com/flutter/flutter.git
    • Framework revision dec2ee5c1f (1 year, 2 months ago), 2024-11-13 11:13:06 -0800
    • Engine revision a18df97ca5
    • Dart version 3.5.4
    • DevTools version 2.37.3

[!] Android toolchain - develop for Android devices (Android SDK version 34.0.0)
    • Android SDK at /Users/jotiradityahazra/Library/Android/sdk
    • Platform android-34, build-tools 34.0.0
    • Java binary at: /Applications/Android Studio.app/Contents/jbr/Contents/Home/bin/java
    • Java version OpenJDK Runtime Environment (build 21.0.7+-13880790-b1038.58)
    ! Some Android licenses not accepted. To resolve this, run: flutter doctor --android-licenses

[✓] Xcode - develop for iOS and macOS (Xcode 16.1)
    • Xcode at /Applications/Xcode.app/Contents/Developer
    • Build 16B40
    • CocoaPods version 1.16.2

[✓] Chrome - develop for the web
    • Chrome at /Applications/Google Chrome.app/Contents/MacOS/Google Chrome

[✓] Android Studio (version 2025.1)
    • Android Studio at /Applications/Android Studio.app/Contents
    • Flutter plugin can be installed from:
      🔨 https://plugins.jetbrains.com/plugin/9212-flutter
    • Dart plugin can be installed from:
      🔨 https://plugins.jetbrains.com/plugin/6351-dart
    • Java version OpenJDK Runtime Environment (build 21.0.7+-13880790-b1038.58)

[✓] VS Code (version 1.93.1)
    • VS Code at /Users/jotiradityahazra/Downloads/Visual Studio Code.app/Contents
    • Flutter extension version 3.124.0

[✓] Connected device (4 available)
    • sdk gphone64 arm64 (mobile)     • emulator-5554         • android-arm64  • Android 15 (API 35) (emulator)
    • macOS (desktop)                 • macos                 • darwin-arm64   • macOS 14.5 23F79 darwin-arm64 (Rosetta)
    • Mac Designed for iPad (desktop) • mac-designed-for-ipad • darwin         • macOS 14.5 23F79 darwin-arm64 (Rosetta)
    • Chrome (web)                    • chrome                • web-javascript • Google Chrome 143.0.7499.193
    ! Error: Browsing on the local area network for Jotiraditya Hazra’s iPhone. Ensure the device is unlocked and attached with a cable or associated with the same local area network as this Mac.
      The device must be opted into Developer Mode to connect wirelessly. (code -27)

[✓] Network resources
    • All expected network resources are available.

! Doctor found issues in 1 category.
```
